V2_HOLDOUT

MATCHED FORMATION, true site ranked first, percent by severity, n=84
statistic       sev0( 42) sev1( 15) sev2(  7) sev3(  6) sev4( 14)  overall  reversed
chance floor          10       10       10       10        9      9.8
ncc                   83       80       29       50       14     64.3      22.6
edge_locked           12       13       14       17       21     14.3      33.3
lattice_res           17       27       43       33       43     26.2      22.6
whiteness             57       60       43       67       43     54.8       6.0
grad_ncc              83       87       43       17       14     64.3       4.8
matscale_ncc          50       47       29       50       21     42.9      13.1
res_rms               81       60       57       67       43     67.9       6.0

AGAINST THE SHIPPED PIPELINE'S OWN OUTCOME, oracle pose re ranking
statistic          rescued of wrong    damaged of right   net pairs
ncc                   6/31               5/53              +1
edge_locked           6/31              47/53             -41
lattice_res           7/31              38/53             -31
whiteness            10/31              17/53              -7
grad_ncc              7/31               6/53              +1
matscale_ncc          5/31              22/53             -17
res_rms              12/31               8/53              +4
V2_TRAIN

MATCHED FORMATION, true site ranked first, percent by severity, n=168
statistic       sev0( 84) sev1( 21) sev2( 22) sev3( 17) sev4( 24)  overall  reversed
chance floor          10       10       10        9        9      9.7
ncc                   86       67       45       24        8     60.7      23.2
edge_locked           18       14        0        6        4     11.9      35.7
lattice_res           19       10       41       29       38     24.4      21.4
whiteness             50       67       73       65       42     55.4      10.7
grad_ncc              89       67       50       29       21     65.5       4.8
matscale_ncc          50       48       18       29       12     38.1      25.0
res_rms               86       71       73       47       50     73.2       3.6
V2_DONE
