RESEARCH_START
=== does the Gumbel p value separate present from absent? 40 pairs ===
  z     present median     7.402  absent     4.281  separation 1.02 sd
  p     present median    -3.215  absent    -1.862  separation 1.02 sd
  prom  present median     7.173  absent     4.938  separation 0.52 sd
  (for reference quad_agree separates at 3.0 sd and splits the classes at 77 percent)
PRECHECK_DONE

  research control    anscombe off
  set / severity       n   credit   median err  rejected  median s   max s
  A_nominal / 0       50    0.700         0.17         9      3.99    5.97
  B_degraded / 1      33    0.727         0.27         1      4.08    5.94
  B_degraded / 2      43    0.619         0.36         8      4.30    6.43
  B_degraded / 3      42    0.438         0.82        15      4.37    6.84
  B_degraded / 4      32    0.175       107.47        20      5.28    6.77
  SET A credit              0.700
  SET B credit              0.497
  weighted                  0.589   localization 23.54 / 40
  runtime  median 4.22s   p90 5.94s   max 6.84s   over 5s 30%

  variance stabilised anscombe ON
  set / severity       n   credit   median err  rejected  median s   max s
  A_nominal / 0       50    0.000          nan        50      3.65    6.77
  B_degraded / 1      33    0.000          nan        33      3.67    5.09
  B_degraded / 2      43    0.000          nan        43      3.77    5.90
  B_degraded / 3      42    0.000          nan        42      4.17    6.71
  B_degraded / 4      32    0.000          nan        32      5.18    5.89
  SET A credit              0.000
  SET B credit              0.000
  weighted                  0.000   localization 0.00 / 40
  runtime  median 3.90s   p90 5.48s   max 6.77s   over 5s 28%
  anscombe restored to False
RESEARCH_DONE
