  pair_0005  shipped lose ( 495.5px)  raw lose ( 333.8px)  fullband lose ( 181.7px)  wiener lose ( 181.7px)
  pair_0008  shipped lose ( 509.8px)  raw lose ( 803.0px)  fullband lose ( 994.6px)  wiener lose (  75.3px)
  pair_0011  shipped WIN  (   0.3px)  raw lose ( 468.1px)  fullband WIN  (   0.7px)  wiener WIN  (   0.8px)
  pair_0021  shipped lose ( 503.4px)  raw lose ( 380.8px)  fullband lose ( 501.8px)  wiener lose ( 353.7px)
  pair_0024  shipped lose (  29.7px)  raw lose (  25.7px)  fullband lose (  29.7px)  wiener lose (  59.7px)
  pair_0029  shipped lose (  92.6px)  raw lose ( 414.1px)  fullband lose (  93.0px)  wiener lose ( 352.7px)
  pair_0038  shipped WIN  (   0.8px)  raw lose ( 233.9px)  fullband WIN  (   1.0px)  wiener WIN  (   0.8px)
  pair_0046  shipped WIN  (   0.2px)  raw WIN  (   0.9px)  fullband WIN  (   0.2px)  wiener WIN  (   0.2px)
  pair_0047  shipped lose (  84.4px)  raw lose ( 252.7px)  fullband lose (  92.0px)  wiener lose ( 659.1px)
  pair_0048  shipped WIN  (   1.7px)  raw lose ( 546.8px)  fullband WIN  (   1.7px)  wiener WIN  (   1.8px)
  pair_0053  shipped lose (  50.5px)  raw lose ( 443.1px)  fullband lose ( 101.0px)  wiener lose ( 747.6px)
  pair_0059  shipped WIN  (   1.8px)  raw lose ( 434.4px)  fullband WIN  (   1.2px)  wiener lose ( 581.7px)
  pair_0063  shipped lose (  56.8px)  raw lose (  71.1px)  fullband lose (  56.8px)  wiener lose (  34.3px)
  pair_0065  shipped lose ( 598.0px)  raw lose ( 148.1px)  fullband lose ( 598.0px)  wiener lose ( 703.4px)
  pair_0066  shipped WIN  (   0.7px)  raw WIN  (   0.8px)  fullband WIN  (   0.7px)  wiener WIN  (   0.7px)
  pair_0074  shipped lose ( 378.7px)  raw lose ( 734.1px)  fullband lose ( 379.3px)  wiener lose ( 378.7px)
  pair_0098  shipped WIN  (   0.7px)  raw WIN  (   0.8px)  fullband WIN  (   0.8px)  wiener WIN  (   1.6px)
  pair_0103  shipped lose ( 283.2px)  raw lose ( 501.6px)  fullband lose ( 365.5px)  wiener lose (  61.4px)
  pair_0104  shipped lose (  60.7px)  raw lose ( 338.0px)  fullband lose (  60.2px)  wiener lose ( 366.9px)
  pair_0111  shipped lose ( 549.4px)  raw lose ( 771.8px)  fullband lose ( 549.4px)  wiener lose ( 408.8px)
  pair_0112  shipped WIN  (   4.6px)  raw lose ( 660.8px)  fullband lose (   6.8px)  wiener WIN  (   3.6px)
  pair_0119  shipped lose ( 694.1px)  raw lose ( 691.0px)  fullband lose ( 536.8px)  wiener lose ( 635.9px)
  pair_0126  shipped lose (  70.1px)  raw lose ( 417.3px)  fullband lose (  70.2px)  wiener lose (  69.5px)
  pair_0137  shipped lose ( 194.1px)  raw lose ( 350.0px)  fullband lose ( 193.9px)  wiener lose ( 194.1px)
  pair_0146  shipped lose (  30.9px)  raw lose (  59.2px)  fullband lose (  46.1px)  wiener lose (  16.6px)
  pair_0156  shipped lose ( 265.8px)  raw lose ( 665.0px)  fullband lose ( 263.0px)  wiener lose ( 265.8px)
  pair_0159  shipped lose ( 212.0px)  raw lose ( 180.0px)  fullband lose ( 211.4px)  wiener lose ( 193.6px)
  pair_0160  shipped WIN  (   0.1px)  raw WIN  (   0.7px)  fullband WIN  (   0.7px)  wiener WIN  (   0.1px)
  pair_0163  shipped lose ( 489.0px)  raw lose ( 363.5px)  fullband lose ( 489.0px)  wiener lose ( 451.9px)
  pair_0191  shipped lose ( 444.5px)  raw lose ( 471.7px)  fullband lose ( 444.5px)  wiener lose ( 444.5px)
  pair_0195  shipped WIN  (   4.2px)  raw lose ( 449.2px)  fullband WIN  (   4.2px)  wiener lose ( 541.4px)
  pair_0196  shipped WIN  (   1.3px)  raw lose (  93.0px)  fullband WIN  (   1.0px)  wiener WIN  (   1.6px)

  severity 4, 32 pairs, TRUE pose supplied to every arm
    shipped   true site wins 11 of 32  (34%)
    raw       true site wins  4 of 32  (12%)
    fullband  true site wins 10 of 32  (31%)
    wiener    true site wins  9 of 32  (28%)
    any arm   true site wins 11 of 32  (34%)
