REFDEG_MEASURE_START  sole occupant
--- data/p2holdout2 ---

  p2holdout2
  set / severity       n   credit   median err  rejected  median s   max s
  A_nominal / 0       42    0.690         0.16         9      3.85    6.24
  B_degraded / 1      15    0.867         0.18         0      3.65    5.91
  B_degraded / 2       7    0.429         0.37         2      3.82    5.58
  B_degraded / 3       6    0.167       378.66         4      4.31    5.74
  B_degraded / 4      14    0.157       372.47         7      5.50    6.17
  SET A credit              0.690
  SET B credit              0.457
  weighted                  0.562   localization 22.49 / 40
  runtime  median 3.88s   p90 5.72s   max 6.24s   over 5s 26%
--- data/p2refdeg ---

  p2refdeg
  set / severity       n   credit   median err  rejected  median s   max s
  A_nominal / 0       42    0.690         0.16         9      4.09    6.00
  B_degraded / 1      15    0.800         0.13         1      4.19    5.65
  B_degraded / 2       7    0.543         0.39         2      4.27    6.16
  B_degraded / 3       6    0.167         0.40         5      4.59    5.83
  B_degraded / 4      14    0.157         3.73         9      5.62    6.06
  SET A credit              0.690
  SET B credit              0.452
  weighted                  0.560   localization 22.38 / 40
  runtime  median 4.30s   p90 5.80s   max 6.16s   over 5s 25%
REFDEG_MEASURE_DONE
